// Jest Snapshot v1, https://goo.gl/fbAQLP

exports[`rendering renders as expected 1`] = `
<div>
  <div
    class="css-86bk71-Wrapper e1jkelvh0"
  >
    <span
      class="css-iifya3-FancyText"
    >
      longerword
    </span>
    <div
      class="css-x0wys2-Animated-FancyText e1jkelvh1"
    >
      longerword
    </div>
    <div
      class="css-x0wys2-Animated-FancyText e1jkelvh1"
    >
      short
    </div>
  </div>
</div>
`;
