// Jest Snapshot v1, https://goo.gl/fbAQLP

exports[`rendering renders as expected 1`] = `
<div>
  <div
    class="show-md mb-open-btn css-l6kea7-Open esgq4xm2"
  >
    <div
      class="css-1s4dz1f"
    />
    <div
      class="css-12ptazb"
    />
    <div
      class="css-1s4dz1f"
    />
  </div>
  <nav
    class="css-19mym3k-Nav esgq4xm0"
  >
    <svg
      class="show-md css-un36pl-Close esgq4xm1"
      fill="currentColor"
      height="1em"
      stroke="currentColor"
      stroke-width="0"
      viewBox="0 0 512 512"
      width="1em"
      xmlns="http://www.w3.org/2000/svg"
    >
      <path
        d="M278.6 256l68.2-68.2c6.2-6.2 6.2-16.4 0-22.6-6.2-6.2-16.4-6.2-22.6 0L256 233.4l-68.2-68.2c-6.2-6.2-16.4-6.2-22.6 0-3.1 3.1-4.7 7.2-4.7 11.3 0 4.1 1.6 8.2 4.7 11.3l68.2 68.2-68.2 68.2c-3.1 3.1-4.7 7.2-4.7 11.3 0 4.1 1.6 8.2 4.7 11.3 6.2 6.2 16.4 6.2 22.6 0l68.2-68.2 68.2 68.2c6.2 6.2 16.4 6.2 22.6 0 6.2-6.2 6.2-16.4 0-22.6L278.6 256z"
      />
    </svg>
    <div
      class="css-1b1ax9f"
    >
      <a
        class="e1w12k6d0 css-15j1a9z-HL"
      >
        About us
      </a>
      <a
        class="e1w12k6d0 css-15j1a9z-HL"
      >
        What is MCA?
      </a>
      <a
        class="e1w12k6d0 css-15j1a9z-HL"
      >
        Apply Now
      </a>
      <a
        class="e1w12k6d0 css-15j1a9z-HL"
      >
        Contact Us
      </a>
    </div>
    <div
      class="css-wx9xxs"
    >
      <a
        class="e1w12k6d0 css-15j1a9z-HL"
        href="tel:1(877)498-4344"
      >
        Call Now 1 (877) 498-4344
      </a>
      <a
        class="show-md e1w12k6d0 css-15j1a9z-HL"
        href="Login"
      >
        Login
      </a>
      <a
        class="hide-md css-bsyusq"
        href="https://login.gldfunding.com/"
      >
        Login
      </a>
    </div>
  </nav>
</div>
`;
